// Jest Snapshot v1, https://goo.gl/fbAQLP

exports[`decodeFromBytes decodes litecoin hex to correct base58 string 1`] = `"1A1zP1eP5QGefi2DMPTfTL5SLmv7DivfNa"`;

exports[`encodeToBytes encodes bitcoin hash to correct hex 1`] = `
Object {
  "data": Array [
    0,
    98,
    233,
    7,
    177,
    92,
    191,
    39,
    213,
    66,
    83,
    153,
    235,
    246,
    240,
    251,
    80,
    235,
    184,
    143,
    24,
    194,
    155,
    125,
    147,
  ],
  "type": "Buffer",
}
`;

exports[`encodeToBytes encodes litecoin has to correct hex 1`] = `
Object {
  "data": Array [
    48,
    209,
    49,
    29,
    153,
    29,
    5,
    220,
    128,
    29,
    99,
    172,
    195,
    193,
    66,
    50,
    16,
    18,
    239,
    171,
    237,
    55,
    130,
    240,
    135,
  ],
  "type": "Buffer",
}
`;

exports[`encodeToHex encodes bitcoin hash to correct hex 1`] = `
Object {
  "data": Array [
    0,
    98,
    233,
    7,
    177,
    92,
    191,
    39,
    213,
    66,
    83,
    153,
    235,
    246,
    240,
    251,
    80,
    235,
    184,
    143,
    24,
    194,
    155,
    125,
    147,
  ],
  "type": "Buffer",
}
`;
